[junaidhira.com/demo/html/tile/intro.html]
[backblue.gif]
[fade.gif]
[index.html]
[junaidhira.com/demo/html/tile/img/favicon.png]
[junaidhira.com/demo/html/tile/img/apple-touch-icon.png]
[junaidhira.com/demo/html/tile/img/apple-touch-icon-72x72.png]
[junaidhira.com/demo/html/tile/img/apple-touch-icon-114x114.png]
[junaidhira.com/demo/html/tile/img/apple-touch-icon-144x144.png]
[junaidhira.com/demo/html/tile/font/font-awesome/css/font-awesome.min.css]
[junaidhira.com/demo/html/tile/css/animate.css]
[junaidhira.com/demo/html/tile/css/materialize.min.css]
[junaidhira.com/demo/html/tile/css/magnific-popup.css]
[junaidhira.com/demo/html/tile/css/owl.carousel.css]
[junaidhira.com/demo/html/tile/css/owl.theme.css]
[junaidhira.com/demo/html/tile/css/owl.transitions.css]
[junaidhira.com/demo/html/tile/css/style.css]
[junaidhira.com/demo/html/tile/css/color-1.css]
[junaidhira.com/demo/html/tile/css/responsive.css]
[junaidhira.com/demo/html/tile/js/modernizr.js]
[junaidhira.com/demo/html/tile/img/me.jpg]
[junaidhira.com/demo/html/tile/img/portfolio/p-1.jpg]
[junaidhira.com/demo/html/tile/single-portfolio.html]
[junaidhira.com/demo/html/tile/img/portfolio/p-2.jpg]
[junaidhira.com/demo/html/tile/img/portfolio/p-3.jpg]
[junaidhira.com/demo/html/tile/img/portfolio/p-4.jpg]
[junaidhira.com/demo/html/tile/img/portfolio/p-5.jpg]
[junaidhira.com/demo/html/tile/img/portfolio/p-6.jpg]
[junaidhira.com/demo/html/tile/img/testimonial/t-1.jpg]
[junaidhira.com/demo/html/tile/img/testimonial/t-2.jpg]
[junaidhira.com/demo/html/tile/img/testimonial/t-3.jpg]
[junaidhira.com/demo/html/tile/img/client/c-1.png]
[junaidhira.com/demo/html/tile/img/client/c-2.png]
[junaidhira.com/demo/html/tile/img/client/c-3.png]
[junaidhira.com/demo/html/tile/img/client/c-4.png]
[junaidhira.com/demo/html/tile/img/client/c-5.png]
[junaidhira.com/demo/html/tile/img/client/c-6.png]
[junaidhira.com/demo/html/tile/img/client/c-7.png]
[junaidhira.com/demo/html/tile/img/client/c-8.png]
[junaidhira.com/demo/html/tile/img/blog/b-1.jpg]
[junaidhira.com/demo/html/tile/single-blog.html]
[junaidhira.com/demo/html/tile/img/blog/b-2.jpg]
[junaidhira.com/demo/html/tile/img/blog/b-3.jpg]
[junaidhira.com/demo/html/tile/blog.html]
[junaidhira.com/demo/html/tile/js/jquery-2.1.1.min.js]
[junaidhira.com/demo/html/tile/js/animatescroll.js]
[junaidhira.com/demo/html/tile/js/materialize.min.js]
[junaidhira.com/demo/html/tile/js/device.min.js]
[junaidhira.com/demo/html/tile/js/imagesloaded.pkgd.min.js]
[junaidhira.com/demo/html/tile/js/isotope.js]
[junaidhira.com/demo/html/tile/js/magnific-popup.js]
[junaidhira.com/demo/html/tile/js/masonry.pkgd.min.js]
[junaidhira.com/demo/html/tile/js/smoothscroll.js]
[junaidhira.com/demo/html/tile/js/owl.carousel.js]
[junaidhira.com/demo/html/tile/js/validator.min.js]
[junaidhira.com/demo/html/tile/js/waypoints.min.js]
[junaidhira.com/demo/html/tile/js/wow.js]
[junaidhira.com/demo/html/tile/intro.html]
[junaidhira.com/demo/html/tile/js/custom.js]
[junaidhira.com/demo/html/tile/font/font-awesome/fonts/fontawesome-webfont3295.eot]
[junaidhira.com/demo/html/tile/font/font-awesome/fonts/fontawesome-webfontd41d.eot]
[junaidhira.com/demo/html/tile/font/font-awesome/fonts/fontawesome-webfont3295.woff2]
[junaidhira.com/demo/html/tile/font/font-awesome/css/font-awesome.min.css]
[junaidhira.com/demo/html/tile/css/animate.css]
[junaidhira.com/demo/html/tile/font/font-awesome/fonts/fontawesome-webfont3295.woff]
[junaidhira.com/demo/html/tile/font/material-design-icons/Material-Design-Icons.woff]
[junaidhira.com/demo/html/tile/font/material-design-icons/Material-Design-Icons.ttf]
[junaidhira.com/demo/html/tile/font/roboto/Roboto-Thin.woff2]
[junaidhira.com/demo/html/tile/font/roboto/Roboto-Thin.woff]
[junaidhira.com/demo/html/tile/font/roboto/Roboto-Thin.ttf]
[junaidhira.com/demo/html/tile/font/roboto/Roboto-Regular.woff2]
[junaidhira.com/demo/html/tile/font/roboto/Roboto-Light.ttf]
[junaidhira.com/demo/html/tile/font/roboto/Roboto-Regular.woff]
[junaidhira.com/demo/html/tile/font/roboto/Roboto-Medium.woff2]
[junaidhira.com/demo/html/tile/font/roboto/Roboto-Medium.woff]
[junaidhira.com/demo/html/tile/css/materialize.min.css]
[junaidhira.com/demo/html/tile/css/magnific-popup.css]
[junaidhira.com/demo/html/tile/font/roboto/Roboto-Medium.ttf]
[junaidhira.com/demo/html/tile/img/grabbing.51.delayed]
[junaidhira.com/demo/html/tile/css/owl.carousel.css]
[junaidhira.com/demo/html/tile/css/owl.theme.css]
[junaidhira.com/demo/html/tile/css/owl.transitions.css]
[junaidhira.com/demo/html/tile/css/style.css]
[junaidhira.com/demo/html/tile/css/color-1.css]
[junaidhira.com/demo/html/tile/css/responsive.css]
[junaidhira.com/demo/html/tile/font/roboto/Roboto-Bold.woff2]
[junaidhira.com/demo/html/tile/img/portfolio/large/pl-1.jpg]
[junaidhira.com/demo/html/tile/img/portfolio/large/pl-2.jpg]
[junaidhira.com/demo/html/tile/img/portfolio/large/pl-3.jpg]
[junaidhira.com/demo/html/tile/font/roboto/Roboto-Bold.woff]
[junaidhira.com/demo/html/tile/single-portfolio.html]
[junaidhira.com/demo/html/tile/img/blog/large/bl-1.jpg]
[junaidhira.com/demo/html/tile/img/blog/commenter/c-1.jpg]
[junaidhira.com/demo/html/tile/img/blog/commenter/c-2.jpg]
[junaidhira.com/demo/html/tile/img/blog/commenter/c-3.jpg]
[junaidhira.com/demo/html/tile/img/blog/thumb/bt-1.jpg]
[junaidhira.com/demo/html/tile/img/blog/thumb/bt-3.jpg]
[junaidhira.com/demo/html/tile/single-blog.html]
[junaidhira.com/demo/html/tile/blog.html]
[junaidhira.com/demo/html/tile/font/font-awesome/fonts/fontawesome-webfont3295.svg]
[junaidhira.com/demo/html/tile/font/material-design-icons/Material-Design-Iconsd41d.eot]
[junaidhira.com/demo/html/tile/font/material-design-icons/Material-Design-Icons.woff2]
[junaidhira.com/demo/html/tile/font/font-awesome/fonts/fontawesome-webfont3295.ttf]
[junaidhira.com/demo/html/tile/font/roboto/Roboto-Regular.ttf]
[junaidhira.com/demo/html/tile/font/roboto/Roboto-Light.woff2]
[junaidhira.com/demo/html/tile/css/AjaxLoader.gif]
[junaidhira.com/demo/html/tile/img/blog/thumb/bt-2.jpg]
[junaidhira.com/demo/html/tile/font/roboto/Roboto-Light.woff]
[junaidhira.com/demo/html/tile/font/material-design-icons/Material-Design-Icons.svg]
[junaidhira.com/demo/html/tile/font/roboto/Roboto-Bold.ttf]
[junaidhira.com/demo/html/tile/css/AjaxLoader.gif]
